APP0.WORD_FIRMWARE_APP                                                1            0            4      1     32      0    0   RO
APP0.WORD_REVISION_APP                                                1            4            4      1     32      0    0   RO
APP0.WORD_TIMESTAMP_APP                                               1            8            4      1     32      0    0   RO
APP0.WORD_USER_APP                                                    1           12            4      1     32      0    0   RW
APP0.WORD_DAQ_ENABLE                                                  1          128            4      1      2      0    0   RW
APP0.WORD_DAQ_MUX                                                     2          132            8      1      8      0    0   RW
APP0.WORD_TIMING_INT_ENA                                              1          140            4      1     12      0    0   RW
APP0.WORD_TIMING_FREQ                                                12          152           48      1     32      0    0   RW
APP0.WORD_TIMING_CNT                                                 12          200           48      1     32      0    0   RW
APP0.WORD_TIMING_TRG_SEL                                              1          248            4      1      4      0    0   RW
APP0.WORD_TIMING_TRG_DCM_SEL                                          1          252            4      1      4      0    0   RW
APP0.WORD_TIMING_TRG_LLRF_SEL                                         1          256            4      1      1      0    0   RW
APP0.WORD_TIMING_TRG_DELAY_VAL                                        5          260           20      1     32      0    0   RW
APP0.WORD_TIMING_DAQ_TRG_SEL                                          1          280            4      1      3      0    1   RW
APP0.WORD_STATUS                                                      1          284            4      1     32      0    0   RW
APP0.WORD_IQ_COS                                                     48         2048          192      1     18      0    1   RW
APP0.WORD_IQ_SIN                                                     48         4096          192      1     18      0    1   RW
APP0.WORD_IIR_COEF0                                                   5        32768           20      1     25      0    1   RW
APP0.WORD_IIR_COEF1                                                   5        32832           20      1     25      0    1   RW
APP0.WORD_IIR_COEF2                                                   5        32896           20      1     25      0    1   RW
APP0.WORD_IIR_COEF3                                                   5        32960           20      1     25      0    1   RW
APP0.WORD_IIR_COEF4                                                   5        33024           20      1     25      0    1   RW
APP0.WORD_IIR_COEF5                                                   5        33088           20      1     25      0    1   RW
APP0.WORD_IIR_COEF6                                                   5        33152           20      1     25      0    1   RW
APP0.WORD_IIR_COEF7                                                   5        33216           20      1     25      0    1   RW
APP0.WORD_IIR_COEF8                                                   5        33280           20      1     25      0    1   RW
APP0.WORD_IIR_COEF9                                                   5        33344           20      1     25      0    1   RW
APP0.WORD_IIR_COEF_VALID                                              1        33376            4      1      1      0    0   RW
APP0.WORD_ROT_DCM_ENA                                                 1          508            4      1      8      0    0   RW
APP0.WORD_VS_SHIFT                                                    1          512            4      1      3      0    0   RW
APP0.WORD_VS_CHAN_ENA                                                 1          516            4      1      8      0    0   RW
APP0.WORD_FD_AMP_LIMIT_ACTIVE                                         1          520            4      1      8      0    0   RO
APP0.WORD_FD_AMP_LIMIT                                                8          524           32      1     18      0    1   RW
APP0.WORD_FD_AMP_LIMIT_ACTIVE_PRE                                     1          564            4      1      8      0    0   RO
APP0.WORD_FD_AMP_LIMIT_PRE                                            8          568           32      1     18      0    1   RW
APP0.WORD_FD_AMP_LIMIT_DISABLE                                        1          608            4      1      8      0    0   RW
APP0.WORD_VS_ROT_RE                                                   1         1024            4      1     18      0    1   RW
APP0.WORD_VS_ROT_IM                                                   1         1028            4      1     18      0    1   RW
APP0.BIT_SP_CORR_ENA                                                  1         1032            4      1      1      0    0   RW
APP0.BIT_FB_ENA                                                       1         1036            4      1      1      0    0   RW
APP0.BIT_FF_ENA                                                       1         1040            4      1      1      0    0   RW
APP0.BIT_FF_CORR_ENA                                                  1         1044            4      1      1      0    0   RW
APP0.BIT_CTL_TABLES_BUF                                               1         1048            4      1     10      0    0   RW
APP0.AREA_FF_I                                                    16384        65536        65536      1     18      0    1   RW
APP0.AREA_FF_Q                                                    16384       131072        65536      1     18      0    1   RW
APP0.AREA_FF_CORR_I                                               16384       196608        65536      1     18      0    1   RW
APP0.AREA_FF_CORR_Q                                               16384       262144        65536      1     18      0    1   RW
APP0.AREA_SP_I                                                    16384       327680        65536      1     18      0    1   RW
APP0.AREA_SP_Q                                                    16384       393216        65536      1     18      0    1   RW
APP0.AREA_SP_CORR_I                                               16384       458752        65536      1     18      0    1   RW
APP0.AREA_SP_CORR_Q                                               16384       524288        65536      1     18      0    1   RW
APP0.AREA_GP_I                                                    16384       589824        65536      1     18      0    1   RW
APP0.AREA_GP_Q                                                    16384       655360        65536      1     18      0    1   RW
APP0.WORD_GC_I                                                        1         1052            4      1     18      0    1   RW
APP0.WORD_GC_Q                                                        1         1056            4      1     18      0    1   RW
APP0.WORD_GI_I                                                        1         1060            4      1     18      0    1   RW
APP0.WORD_GI_Q                                                        1         1064            4      1     18      0    1   RW
APP0.WORD_MIMO_A11                                                    2         8192            8      1     18      0    1   RW
APP0.WORD_MIMO_A12                                                    2         8224            8      1     18      0    1   RW
APP0.WORD_MIMO_A21                                                    2         8256            8      1     18      0    1   RW
APP0.WORD_MIMO_A22                                                    2         8288            8      1     18      0    1   RW
APP0.WORD_MIMO_B11                                                    3         8320           12      1     18      0    1   RW
APP0.WORD_MIMO_B12                                                    3         8352           12      1     18      0    1   RW
APP0.WORD_MIMO_B21                                                    3         8368           12      1     18      0    1   RW
APP0.WORD_MIMO_B22                                                    3         8400           12      1     18      0    1   RW
APP0.WORD_MIMO_ENA                                                    1         8432            4      1      1      0    0   RW
APP0.WORD_MIMO_COEF_VALID                                             1         8436            4      1      1      0    0   RW
APP0.WORD_CNTRL_I_LIMIT                                               1         1068            4      1     18      0    1   RW
APP0.WORD_CNTRL_Q_LIMIT                                               1         1072            4      1     18      0    1   RW
APP0.WORD_OUT_ROT_RE                                                  1         1076            4      1     18      0    1   RW
APP0.WORD_OUT_ROT_IM                                                  1         1080            4      1     18      0    1   RW
APP0.WORD_GAIN_CORR                                                   1         1084            4      1     18      0    1   RW
APP0.WORD_Q_SIGN                                                      1         1088            4      1      1      0    0   RW
APP0.WORD_DAC_OFFSET                                                  2         1120            8      1     18      0    1   RW
APP0.WORD_OUT_AMP_LIMIT                                               1         1128            4      1     18      0    0   RW
APP0.WORD_OUT_AMP_LIMIT_ENA                                           1         1132            4      1      1      0    0   RW
APP0.BIT_DAC_MEM_ENA                                                  1         1184            4      1      1      0    0   RW
APP0.AREA_DAC_I_MEM                                                  64        17152          256      1     16      0    0   RW
APP0.AREA_DAC_Q_MEM                                                  64        17408          256      1     16      0    0   RW
APP0.WORD_PROT_PLEVA                                                  1         1200            4      1     18      0    1   RW
APP0.WORD_PROT_PLEVB                                                  1         1204            4      1     18      0    1   RW
APP0.WORD_PROT_PLEVS                                                  1         1208            4      1     18      0    1   RW
APP0.WORD_PROT_T0                                                     1         1212            4      1     18      0    0   RW
APP0.WORD_PROT_T1                                                     1         1216            4      1     18      0    0   RW
APP0.WORD_PROT_FL_ENA                                                 1         1220            4      1     18      0    0   RW
APP0.WORD_PROT_ENA_N                                                  1         1224            4      1      1      0    0   RW
APP0.BIT_FB_INT_ENA                                                   1         1228            4      1      1      0    0   RW
APP0.VAR_CON_RTM_TYPE                                              1024       786432         4096      1     32      0    0   RW
DS8VM10.WORD_FIRMWARE                                                 1       786432            4      1     32      0    0   RO
DS8VM10.WORD_REVISION                                                 1       786444            4      1     32      0    0   RO
DS8VM10.WORD_NAME                                                     2       786448            8      1     32      0    0   RO
DS8VM10.WORD_INTERLOCK                                                1       786496            4      1      2      0    0   RW
DS8VM10.WORD_ATT_SEL                                                  1       786500            4      1     10      0    0   RW
DS8VM10.WORD_ATT_VAL                                                  1       786504            4      1      6      0    0   RW
DS8VM10.WORD_ATT_STATUS                                               1       786508            4      1      1      0    0   RO
DS8VM10.WORD_ADC_STATUS                                               1       786512            4      1      4      0    0   RO
DS8VM10.WORD_ADC_RD_ENA                                               1       786532            4      1      1      0    0   RW
DS8VM10.WORD_ADC_A                                                    1       786516            4      1     25      0    1   RO
DS8VM10.WORD_ADC_B                                                    1       786520            4      1     25      0    1   RO
DS8VM10.WORD_ADC_C                                                    1       786524            4      1     25      0    1   RO
DS8VM10.WORD_ADC_D                                                    1       786528            4      1     25      0    1   RO
DS8VM10.WORD_DAC_A                                                    1       786536            4      1     16      0    1   RW
DS8VM10.WORD_DAC_B                                                    1       786540            4      1     16      0    1   RW
DS8VM10.WORD_DAC_STATUS                                               1       786544            4      1      4      0    0   RO
DS8VM10.WORD_PLL_DATA                                                 1       786556            4      1     32      0    0   RW
DS8VM10.WORD_PLL_STATUS                                               1       786560            4      1      1      0    0   RO
DS8VM10.WORD_SCI_SDI_FIX                                              1       786564            4      1      1      0    0   RW
DS8VM10.WORD_SW_VCTL                                                  1       786568            4      1      1      0    0   RW
DS8VM10.WORD_DIV_B                                                    1       786572            4      1      2      0    0   RW
DS8VM10.WORD_VCO_MUX                                                  1       786576            4      1      2      0    0   RW
DS8VM10.WORD_IO_STATUS                                                1       786580            4      1      8      0    0   RO
DS8VM10.WORD_TEMP_STATUS                                              1       786584            4      1      4      0    0   RO
DS8VM10.WORD_TEMP_RD_ENA                                              1       786588            4      1      1      0    0   RW
DS8VM10.WORD_TEMP_A                                                   1       786592            4      1     25      0    1   RO
DS8VM10.WORD_TEMP_B                                                   1       786596            4      1     25      0    1   RO
DS8VM10.WORD_TEMP_C                                                   1       786600            4      1     25      0    1   RO
DS8VM10.WORD_TEMP_D                                                   1       786604            4      1     25      0    1   RO
APP0.EXT_DCM                                                    2097152      8388608      8388608      1     32      0    0   RW
DCM0.WORD_FIRMWARE_DCM                                                1      8388608            4      1     32      0    0   RO
DCM0.WORD_VERSION_DCM                                                 1      8388612            4      1     32      0    0   RO
DCM0.WORD_DCM_AVG_AMP                                                 1      8388616            4      1     18      0    1   RO
DCM0.WORD_DCM_AVG_CNT                                                 1      8388620            4      1     16      0    0   RO
DCM0.WORD_DCM_AMP_SCA                                                10      8388624           40      1     18      0    1   RW
DCM0.WORD_DCM_PHASE_OFS                                              10      8388664           40      1     18      0    1   RW
DCM0.WORD_DCM_IQ_AVG_POINTS                                           1      8388704            4      1      4      0    0   RW
DCM0.WORD_DCM_A0                                                     10      8388708           40      1     18      0    1   RO
DCM0.WORD_DCM_P0                                                     10      8388748           40      1     18      0    1   RO
DCM0.WORD_DCM_DIV_A0                                                 10      8388788           40      1     18      0    1   RO
DCM0.WORD_DCM_MUL_A0                                                 10      8388828           40      1     18      0    1   RO
DCM0.WORD_DCM_ROT_RE                                                 10      8388868           40      1     18      0    1   RO
DCM0.WORD_DCM_ROT_IM                                                 10      8388908           40      1     18      0    1   RO
DCM0.WORD_DCM_LIMIT_A                                                10      8388948           40      1     16      0    0   RW
DCM0.WORD_DCM_LIMIT_P                                                10      8388988           40      1     18      0    1   RW
DCM0.WORD_DCM_LIMIT_A_ST                                              1      8389028            4      1     10      0    0   RO
DCM0.WORD_DCM_LIMIT_P_ST                                              1      8389032            4      1     10      0    0   RO
DCM0.WORD_DCM_RX_ERR_CNT                                              1      8389088            4      1      8      0    0   RW
DCM0.WORD_LLL_II_ERR_CNT                                              1      8389092            4      1      8      0    0   RW
DCM0.APP_TMCB_DCM2                                              1048576     12582912      4194304      1     32      0    0   RW
TMCB_DCM20.WORD_FIRMWARE                                              1     12582912            4      1     32      0    0   RO
TMCB_DCM20.WORD_REVISION                                              1     12582916            4      1     32      0    0   RO
TMCB_DCM20.WORD_TIMESTAMP                                             1     12582920            4      1     32      0    0   RO
TMCB_DCM20.WORD_RESET_DCM_N                                           1     12582924            4      1      1      0    0   RW
TMCB_DCM20.WORD_TEMP                                                  4     12582928           16      1     16      0    0   RO
TMCB_DCM20.WORD_TEC                                                   4     12582944           16      1     14      0    0   RW
TMCB_DCM20.WORD_DET_ENA_N                                             1     12582964            4      1      1      0    0   RW
TMCB_DCM20.WORD_DCM_MODE_A                                            1     12582968            4      1      8      0    0   RW
TMCB_DCM20.WORD_DCM_MODE_B                                            1     12582972            4      1      8      0    0   RW
TMCB_DCM20.WORD_ATT_A                                                 8     12582976           32      1      6      0    0   RW
TMCB_DCM20.WORD_ATT_B                                                 8     12583008           32      1      6      0    0   RW
TMCB_DCM20.WORD_ATT_STATUS                                            1     12583176            4      1      2      0    0   RO
TMCB_DCM20.WORD_REF_ON_A                                              1     12583040            4      1      8      0    0   RW
TMCB_DCM20.WORD_REF_ON_B                                              1     12583044            4      1      8      0    0   RW
TMCB_DCM20.WORD_MASTER_TRG_SEL                                        1     12583048            4      1      1      0    0   RW
TMCB_DCM20.WORD_AMP_REF                                               1     12583052            4      1     32      0    0   RO
TMCB_DCM20.WORD_AMP_REF_CNT                                           1     12583056            4      1     16      0    0   RO
TMCB_DCM20.WORD_TIMING_CNT                                            4     12583104           16      1     32      0    0   RW
TMCB_DCM20.WORD_HYT271_1_HUMI                                         1     12583152            4      1     14      0    0   RO
TMCB_DCM20.WORD_HYT271_1_TEMP                                         1     12583156            4      1     14      0    0   RO
TMCB_DCM20.WORD_HYT271_2_HUMI                                         1     12583160            4      1     14      0    0   RO
TMCB_DCM20.WORD_HYT271_2_TEMP                                         1     12583164            4      1     14      0    0   RO
TMCB_DCM20.WORD_LLL_CRC_ERR_CNT                                       2     12583168            8      1     16      0    0   RO
TMCB_DCM20.WORD_GPIO_TEST_MODE                                        1     12583192            4      1      1      0    0   RW
TMCB_DCM20.WORD_GPIO_TEST_O                                           1     12583196            4      1     20      0    0   RW
TMCB_DCM20.WORD_GPIO_TEST_OE                                          1     12583200            4      1     20      0    0   RW
TMCB_DCM20.WORD_GPIO_TEST_I                                           1     12583204            4      1     20      0    0   RO
TMCB_DCM20.FMC_TC4                                                  256     12583936         1024      1     32      0    0   RW
TC40.WORD_FIRMWARE                                                    1     12583936            4      1     32      0    0   RO
TC40.WORD_REVISION                                                    1     12583940            4      1     32      0    0   RO
TC40.WORD_TEC_ENA                                                     1     12583944            4      1      4      0    0   RW
TC40.WORD_TEC_SETP                                                    4     12583948           16      1     16      0    0   RW
TC40.WORD_TEC_SETP_BUSY                                               1     12583964            4      1      1      0    0   RO
TC40.WORD_TEC_TEMP                                                    4     12583968           16      1     12      0    0   RO
TC40.WORD_TEC_ITEC                                                    4     12583984           16      1     12      0    0   RO
TC40.WORD_TEC_OVT_N                                                   1     12584000            4      1      4      0    0   RO
TC40.WORD_TEC_UDT_N                                                   1     12584004            4      1      4      0    0   RO
TC40.WORD_LM75A_TEMP                                                  1     12584008            4      1      9      0    0   RO
TC40.WORD_HYT221_HUMI                                                 1     12584012            4      1     14      0    0   RO
TC40.WORD_HYT221_TEMP                                                 1     12584016            4      1     14      0    0   RO
TC40.WORD_3V3_ENA                                                     1     12584020            4      1      1      0    0   RW
TC40.WORD_REF_ENA                                                     1     12584024            4      1      1      0    0   RW
TC40.WORD_5V_ENA                                                      1     12584028            4      1      1      0    0   RW
TC40.WORD_5V_PGOOD                                                    1     12584032            4      1      1      0    0   RO
TC40.WORD_3V3_PGOOD                                                   1     12584036            4      1      1      0    0   RO
TC40.WORD_EXT_GPIO_O                                                  1     12584040            4      1      3      0    0   RW
TC40.WORD_EXT_GPIO_I                                                  1     12584044            4      1      3      0    0   RO
TC40.WORD_EXT_GPIO_DIR                                                1     12584048            4      1      3      0    0   RW
TC40.WORD_CUR_MON_ENA                                                 1     12584052            4      1      1      0    0   RW
TC40.WORD_CUR_MON_OVLOAD_N                                            1     12584056            4      1      1      0    0   RO
TC40.WORD_TC4_RESET_N                                                 1     12584060            4      1      3      0    0   RW
TC40.WORD_TIMER                                                       1     12584064            4      1     32      0    0   RW
TMCB_DCM20.BOARD_TMCB2                                           524288     12582912      2097152      1     32      0    0   RW
TMCB20.WORD_FIRMWARE                                                  1     14680064            4      1     32      0    0   RO
TMCB20.WORD_REVISION                                                  1     14680068            4      1     32      0    0   RO
TMCB20.WORD_TIMESTAMP                                                 1     14680072            4      1     32      0    0   RO
TMCB20.WORD_STATUS                                                    1     14680076            4      1     32      0    0   RO
TMCB20.WORD_USER                                                      1     14680128            4      1     32      0    0   RW
TMCB20.WORD_LLL_STATUS                                                4     14680280           16      1     32      0    0   RO
TMCB20.WORD_LLL_II_ERR_CNT                                            2     14680296            8      1      8      0    0   RW
TMCB20.WORD_ETH_ERR_DV_SWAP                                           1     14680304            4      1      1      0    0   RW
TMCB20.WORD_DAC1_RESET                                                1     14680312            4      1      1      0    0   RW
TMCB20.WORD_DAC2_RESET                                                1     14680316            4      1      1      0    0   RW
TMCB20.WORD_DAC3_RESET                                                1     14680320            4      1      1      0    0   RW
TMCB20.AREA_TMCB2_APP                                            524288     12582912      2097152      1     32      0    0   RW
TMCB20.AREA_BOOT                                                  16384     14745600        65536      1     32      0    0   RW
BOARD0.WORD_FIRMWARE                                                  1            0            4      0     32      0    0   RO
BOARD0.WORD_REVISION                                                  1            4            4      0     32      0    0   RO
BOARD0.WORD_TIMESTAMP                                                 1            8            4      0     32      0    0   RO
BOARD0.WORD_CLK_FREQ                                                  6           32           24      0     32      0    0   RW
BOARD0.WORD_TRG_CNT                                                   8           64           32      0     32      0    0   RW
BOARD0.WORD_LLL_STATUS                                                6          192           24      0     32      0    0   RW
BOARD0.WORD_LLL_LOOPBACK                                              6          224           24      0      3      0    0   RW
BOARD0.WORD_CLK_MUX                                                   6          128           24      0      2      0    0   RW
BOARD0.WORD_CLK_RST                                                   1          152            4      0      1      0    0   RW
BOARD0.WORD_CLK_SEL                                                   1          156            4      0      2      0    0   RW
BOARD0.WORD_CLK_ERR                                                   1          160            4      0      1      0    0   RO
BOARD0.WORD_SPI_DIV_SEL                                               1          164            4      0      2      0    0   RW
BOARD0.WORD_SPI_DIV_BUSY                                              1          168            4      0      1      0    0   RO
BOARD0.AREA_SPI_DIV                                                 128         4096          512      0      8      0    0   RW
BOARD0.AREA_PLL                                                     512        16384         2048      0      8      0    0   RW
BOARD0.AREA_PLL_CONF                                                512        12288         2048      0     24      0    0   RW
BOARD0.WORD_PLL_CONF_STR                                              1          272            4      0      2      0    0   RW
BOARD0.WORD_PLL_CONF_RST                                              1          276            4      0      1      0    0   RW
BOARD0.WORD_ADC_ENA                                                   1          256            4      0      1      0    0   RW
BOARD0.WORD_ADC_OV                                                    1          260            4      0     10      0    0   RO
BOARD0.WORD_SPI_ADC_SEL                                               1          288            4      0      3      0    0   RW
BOARD0.WORD_SPI_ADC_BUSY                                              1          292            4      0      1      0    0   RO
BOARD0.AREA_SPI_ADC                                                 256         8192         1024      0      8      0    0   RW
BOARD0.WORD_ADC_FIFO_RESET                                            1          264            4      0     10      0    0   RW
BOARD0.WORD_ADC_FIFO_DELAY                                           10          320           40      0      8      0    0   RW
BOARD0.WORD_BOOT_STATUS                                               1          384            4      0      1      0    0   RW
BOARD0.AREA_BOOT                                                  16384        65536        65536      0     32      0    0   RW
BOARD0.WORD_IDELAY_SEL                                                1          464            4      0      8      0    0   RW
BOARD0.WORD_IDELAY_INC                                                1          468            4      0      1      0    0   RW
BOARD0.WORD_RESET_N                                                   1          512            4      0      1      0    0   RW
BOARD0.WORD_USER                                                      1          516            4      0     32      0    0   RW
BOARD0.WORD_DAC_ENA                                                   1          520            4      0      1      0    0   RW
BOARD0.WORD_CLK_PHASE_INCDEC                                          1          536            4      0      1      0    0   RW
BOARD0.WORD_DAC_IDELAY_SEL                                            1          540            4      0      1      0    0   RW
BOARD0.WORD_DAC_IDELAY_INC                                            1          544            4      0      1      0    0   RW
BOARD0.WORD_DAC_IDELAY_CNT                                            1          548            4      0      5      0    0   RO
BOARD0.WORD_ADC_IDELAY_CNT                                            5          592           20      0      5      0    0   RO
BOARD0.WORD_ADC_REVERT_CLK                                            1          656            4      0      5      0    0   RW
BOARD0.AREA_DMA                                                67108864            0    268435456     13     32      0    0   RO

# needed for the multiplexed data accessor, should be included in original map file in future
BOARD0.AREA_MULTIPLEXED_SEQUENCE_DMA_PRIMARY   0 0 524288    0xD          16 -2 1
BOARD0.SEQUENCE_DMA_PRIMARY_0 1 0x00 2 0xD 16 -2 1
BOARD0.SEQUENCE_DMA_PRIMARY_1 1 0x02 2 0xD 16 -2 1
BOARD0.SEQUENCE_DMA_PRIMARY_2 1 0x04 2 0xD 16 -2 1
BOARD0.SEQUENCE_DMA_PRIMARY_3 1 0x06 2 0xD 16 -2 1
BOARD0.SEQUENCE_DMA_PRIMARY_4 1 0x08 2 0xD 16 -2 1
BOARD0.SEQUENCE_DMA_PRIMARY_5 1 0x0A 2 0xD 16 -2 1
BOARD0.SEQUENCE_DMA_PRIMARY_6 1 0x0C 2 0xD 16 -2 1
BOARD0.SEQUENCE_DMA_PRIMARY_7 1 0x0E 2 0xD 16 -2 1
BOARD0.SEQUENCE_DMA_PRIMARY_8 1 0x10 2 0xD 16 -2 1
BOARD0.SEQUENCE_DMA_PRIMARY_9 1 0x12 2 0xD 16 -2 1
BOARD0.SEQUENCE_DMA_PRIMARY_10 1 0x14 2 0xD 16 -2 1
BOARD0.SEQUENCE_DMA_PRIMARY_11 1 0x16 2 0xD 16 -2 1
BOARD0.SEQUENCE_DMA_PRIMARY_12 1 0x18 2 0xD 16 -2 1
BOARD0.SEQUENCE_DMA_PRIMARY_13 1 0x1A 2 0xD 16 -2 1
BOARD0.SEQUENCE_DMA_PRIMARY_14 1 0x1C 2 0xD 16 -2 1
BOARD0.SEQUENCE_DMA_PRIMARY_15 1 0x1E 2 0xD 16 -2 1

BOARD0.AREA_MULTIPLEXED_SEQUENCE_DMA_SECONDARY   0 0x1000000 524288    0xD          16 -2 1
BOARD0.SEQUENCE_DMA_SECONDARY_0 1 0x00 2 0xD 16 -2 1
BOARD0.SEQUENCE_DMA_SECONDARY_1 1 0x02 2 0xD 16 -2 1
BOARD0.SEQUENCE_DMA_SECONDARY_2 1 0x04 2 0xD 16 -2 1
BOARD0.SEQUENCE_DMA_SECONDARY_3 1 0x06 2 0xD 16 -2 1
BOARD0.SEQUENCE_DMA_SECONDARY_4 1 0x08 2 0xD 16 -2 1
BOARD0.SEQUENCE_DMA_SECONDARY_5 1 0x0A 2 0xD 16 -2 1
BOARD0.SEQUENCE_DMA_SECONDARY_6 1 0x0C 2 0xD 16 -2 1
BOARD0.SEQUENCE_DMA_SECONDARY_7 1 0x0E 2 0xD 16 -2 1
BOARD0.SEQUENCE_DMA_SECONDARY_8 1 0x10 2 0xD 16 -2 1
BOARD0.SEQUENCE_DMA_SECONDARY_9 1 0x12 2 0xD 16 -2 1
BOARD0.SEQUENCE_DMA_SECONDARY_10 1 0x14 2 0xD 16 -2 1
BOARD0.SEQUENCE_DMA_SECONDARY_11 1 0x16 2 0xD 16 -2 1
BOARD0.SEQUENCE_DMA_SECONDARY_12 1 0x18 2 0xD 16 -2 1
BOARD0.SEQUENCE_DMA_SECONDARY_13 1 0x1A 2 0xD 16 -2 1
BOARD0.SEQUENCE_DMA_SECONDARY_14 1 0x1C 2 0xD 16 -2 1
BOARD0.SEQUENCE_DMA_SECONDARY_15 1 0x1E 2 0xD 16 -2 1
