@MAPFILE_REVISION 2417
APP0.WORD_FIRMWARE                                                    1            0            4      1     32      0    0   RO
APP0.WORD_REVISION                                                    1            4            4      1     32      0    0   RO
APP0.WORD_TIMESTAMP                                                   1            8            4      1     32      0    0   RO
APP0.WORD_USER                                                        1           12            4      1     32      0    0   RW
APP0.WORD_STATUS                                                      1           32            4      1     32      0    0   RW
APP0.WORD_DAQ_ENABLE                                                  1          128            4      1      3      0    0   RW
APP0.WORD_DAQ_MUX                                                     3          132           12      1      8      0    0   RW
APP0.WORD_DAQ_FREQ                                                    3          144           12      1     32      0    0   RW
APP0.WORD_DAQ_CNT                                                     3          156           12      1     32      0    0   RO
APP0.WORD_DAQ_SAMPLES                                                 3          168           12      1     32      0    0   RW
APP0.WORD_DAQ_BUF_ENA                                                 1          180            4      1      3      0    0   RW
APP0.WORD_DAQ_BUF_CURR                                                3          184           12      1      2      0    0   RO
APP0.WORD_DAQ_BUF_MPNUM                                               3          196           12      1     32      0    0   RO
APP0.WORD_TIMING_INT_ENA                                              1          252            4      1     12      0    0   RW
APP0.WORD_TIMING_FREQ                                                12          256           48      1     32      0    0   RW
APP0.WORD_TIMING_CNT                                                 12          304           48      1     32      0    0   RW
APP0.WORD_TIMING_TRG_SEL                                              1          352            4      1      4      0    0   RW
APP0.WORD_TIMING_TRG_DCM_SEL                                          1          356            4      1      4      0    0   RW
APP0.WORD_TIMING_TRG_LLRF_SEL                                         1          360            4      1      1      0    0   RW
APP0.WORD_TIMING_TRG_DAQ_SEL                                          1          392            4      1      3      0    0   RW
APP0.WORD_TIMING_TRG_DELAY_VAL                                        5          400           20      1     32      0    0   RW
APP0.WORD_TIMING_X2_MACROPULSE_NR                                     2          440            8      1     32      0    0   RO
APP0.WORD_TIMING_X2_TIMESTAMP                                         2          448            8      1     32      0    0   RO
APP0.WORD_MLVDS_I                                                     1          512            4      1      8      0    0   RO
APP0.WORD_MLVDS_O                                                     1          516            4      1      8      0    0   RW
APP0.WORD_MLVDS_OE                                                    1          520            4      1      8      0    0   RW
APP0.WORD_MLVDS_IDELAY_VAL                                            8          544           32      1      5      0    0   RW
APP0.BIT_DAC_MEM_ENA                                                  1         1184            4      1      1      0    0   RW
APP0.AREA_DAC_I_MEM                                                  64        17152          256      1     16      0    0   RW
APP0.AREA_DAC_Q_MEM                                                  64        17408          256      1     16      0    0   RW
APP0.WORD_PROT_PLEVA                                                  1         1200            4      1     18      0    1   RW
APP0.WORD_PROT_PLEVB                                                  1         1204            4      1     18      0    1   RW
APP0.WORD_PROT_PLEVS                                                  1         1208            4      1     18      0    1   RW
APP0.WORD_PROT_T0                                                     1         1212            4      1     18      0    0   RW
APP0.WORD_PROT_T1                                                     1         1216            4      1     18      0    0   RW
APP0.WORD_PROT_FL_ENA                                                 1         1220            4      1     18      0    0   RW
APP0.WORD_PROT_ENA_N                                                  1         1224            4      1      1      0    0   RW
APP0.VAR_CON_RTM_TYPE                                              1024      1044480         4096      1     32      0    0   RW
DS8VM10.WORD_FIRMWARE                                                 1      1044480            4      1     32      0    0   RO
DS8VM10.WORD_REVISION                                                 1      1044492            4      1     32      0    0   RO
DS8VM10.WORD_NAME                                                     2      1044496            8      1     32      0    0   RO
DS8VM10.WORD_INTERLOCK                                                1      1044544            4      1      2      0    0   RW
DS8VM10.WORD_ATT_SEL                                                  1      1044548            4      1     10      0    0   RW
DS8VM10.WORD_ATT_VAL                                                  1      1044552            4      1      6      0    0   RW
DS8VM10.WORD_ATT_STATUS                                               1      1044556            4      1      1      0    0   RO
DS8VM10.WORD_ADC_STATUS                                               1      1044560            4      1      4      0    0   RO
DS8VM10.WORD_ADC_RD_ENA                                               1      1044580            4      1      1      0    0   RW
DS8VM10.WORD_ADC_A                                                    1      1044564            4      1     25      0    1   RO
DS8VM10.WORD_ADC_B                                                    1      1044568            4      1     25      0    1   RO
DS8VM10.WORD_ADC_C                                                    1      1044572            4      1     25      0    1   RO
DS8VM10.WORD_ADC_D                                                    1      1044576            4      1     25      0    1   RO
DS8VM10.WORD_DAC_A                                                    1      1044584            4      1     16      0    1   RW
DS8VM10.WORD_DAC_B                                                    1      1044588            4      1     16      0    1   RW
DS8VM10.WORD_DAC_STATUS                                               1      1044592            4      1      4      0    0   RO
DS8VM10.WORD_PLL_DATA                                                 1      1044604            4      1     32      0    0   RW
DS8VM10.WORD_PLL_STATUS                                               1      1044608            4      1      1      0    0   RO
DS8VM10.WORD_SCI_SDI_FIX                                              1      1044612            4      1      1      0    0   RW
DS8VM10.WORD_SW_VCTL                                                  1      1044616            4      1      1      0    0   RW
DS8VM10.WORD_DIV_B                                                    1      1044620            4      1      2      0    0   RW
DS8VM10.WORD_VCO_MUX                                                  1      1044624            4      1      1      0    0   RW
DS8VM10.WORD_IO_STATUS                                                1      1044628            4      1      8      0    0   RO
DS8VM10.WORD_TEMP_STATUS                                              1      1044632            4      1      4      0    0   RO
DS8VM10.WORD_TEMP_RD_ENA                                              1      1044636            4      1      1      0    0   RW
DS8VM10.WORD_TEMP_A                                                   1      1044640            4      1     25      0    1   RO
DS8VM10.WORD_TEMP_B                                                   1      1044644            4      1     25      0    1   RO
DS8VM10.WORD_TEMP_C                                                   1      1044648            4      1     25      0    1   RO
DS8VM10.WORD_TEMP_D                                                   1      1044652            4      1     25      0    1   RO
DS8VM10.WORD_TEMP_E                                                   1      1044656            4      1     16      0    1   RO
DS8VM10.WORD_EXT_INTERLOCK                                            1      1044660            4      1      1      0    0   RO
DS8VM10.WORD_CLK_RST_SELECT                                           1      1044664            4      1      1      0    0   RW
DS8VM10.WORD_CLK_RST_SOURCE                                           1      1044668            4      1      1      0    0   RW
DS8VM10.WORD_CLK_RST_ENABLE                                           1      1044672            4      1      1      0    0   RW
APP0.EXT_DCM                                                    2097152      8388608      8388608      1     32      0    0   RW
DCM0.WORD_FIRMWARE_DCM                                                1      8388608            4      1     32      0    0   RO
DCM0.WORD_VERSION_DCM                                                 1      8388612            4      1     32      0    0   RO
DCM0.WORD_DCM_AVG_AMP                                                 1      8388616            4      1     18      0    1   RO
DCM0.WORD_DCM_AVG_CNT                                                 1      8388620            4      1     16      0    0   RO
DCM0.WORD_DCM_AMP_SCA                                                10      8388624           40      1     18      0    1   RW
DCM0.WORD_DCM_PHASE_OFS                                              10      8388664           40      1     18      0    1   RW
DCM0.WORD_DCM_IQ_AVG_POINTS                                           1      8388704            4      1      4      0    0   RW
DCM0.WORD_DCM_A0                                                     10      8388708           40      1     18      0    1   RO
DCM0.WORD_DCM_P0                                                     10      8388748           40      1     18      0    1   RO
DCM0.WORD_DCM_DIV_A0                                                 10      8388788           40      1     18      0    1   RO
DCM0.WORD_DCM_MUL_A0                                                 10      8388828           40      1     18      0    1   RO
DCM0.WORD_DCM_ROT_RE                                                 10      8388868           40      1     18      0    1   RO
DCM0.WORD_DCM_ROT_IM                                                 10      8388908           40      1     18      0    1   RO
DCM0.WORD_DCM_LIMIT_A                                                10      8388948           40      1     16      0    0   RW
DCM0.WORD_DCM_LIMIT_P                                                10      8388988           40      1     18      0    1   RW
DCM0.WORD_DCM_LIMIT_A_ST                                              1      8389028            4      1     10      0    0   RO
DCM0.WORD_DCM_LIMIT_P_ST                                              1      8389032            4      1     10      0    0   RO
DCM0.WORD_DCM_RX_ERR_CNT                                              1      8389088            4      1      8      0    0   RW
DCM0.WORD_LLL_II_ERR_CNT                                              1      8389092            4      1      8      0    0   RW
DCM0.APP_TMCB_DCM2                                              1048576     12582912      4194304      1     32      0    0   RW
TMCB_DCM20.WORD_FIRMWARE                                              1     12582912            4      1     32      0    0   RO
TMCB_DCM20.WORD_REVISION                                              1     12582916            4      1     32      0    0   RO
TMCB_DCM20.WORD_TIMESTAMP                                             1     12582920            4      1     32      0    0   RO
TMCB_DCM20.WORD_RESET_DCM_N                                           1     12582924            4      1      1      0    0   RW
TMCB_DCM20.WORD_TEMP                                                  4     12582928           16      1     16      0    0   RO
TMCB_DCM20.WORD_TEC                                                   4     12582944           16      1     14      0    0   RW
TMCB_DCM20.WORD_DET_ENA_N                                             1     12582964            4      1      1      0    0   RW
TMCB_DCM20.WORD_DCM_MODE_A                                            1     12582968            4      1      8      0    0   RW
TMCB_DCM20.WORD_DCM_MODE_B                                            1     12582972            4      1      8      0    0   RW
TMCB_DCM20.WORD_ATT_A                                                 8     12582976           32      1      6      0    0   RW
TMCB_DCM20.WORD_ATT_B                                                 8     12583008           32      1      6      0    0   RW
TMCB_DCM20.WORD_ATT_STATUS                                            1     12583176            4      1      2      0    0   RO
TMCB_DCM20.WORD_REF_ON_A                                              1     12583040            4      1      8      0    0   RW
TMCB_DCM20.WORD_REF_ON_B                                              1     12583044            4      1      8      0    0   RW
TMCB_DCM20.WORD_MASTER_TRG_SEL                                        1     12583048            4      1      1      0    0   RW
TMCB_DCM20.WORD_AMP_REF                                               1     12583052            4      1     32      0    0   RO
TMCB_DCM20.WORD_AMP_REF_CNT                                           1     12583056            4      1     16      0    0   RO
TMCB_DCM20.WORD_TIMING_CNT                                            4     12583104           16      1     32      0    0   RW
TMCB_DCM20.WORD_HYT271_1_HUMI                                         1     12583152            4      1     14      0    0   RO
TMCB_DCM20.WORD_HYT271_1_TEMP                                         1     12583156            4      1     14      0    0   RO
TMCB_DCM20.WORD_HYT271_2_HUMI                                         1     12583160            4      1     14      0    0   RO
TMCB_DCM20.WORD_HYT271_2_TEMP                                         1     12583164            4      1     14      0    0   RO
TMCB_DCM20.WORD_LLL_CRC_ERR_CNT                                       2     12583168            8      1     16      0    0   RO
TMCB_DCM20.WORD_GPIO_TEST_MODE                                        1     12583192            4      1      1      0    0   RW
TMCB_DCM20.WORD_GPIO_TEST_O                                           1     12583196            4      1     20      0    0   RW
TMCB_DCM20.WORD_GPIO_TEST_OE                                          1     12583200            4      1     20      0    0   RW
TMCB_DCM20.WORD_GPIO_TEST_I                                           1     12583204            4      1     20      0    0   RO
TMCB_DCM20.FMC_TC4                                                  256     12583936         1024      1     32      0    0   RW
TC40.WORD_FIRMWARE                                                    1     12583936            4      1     32      0    0   RO
TC40.WORD_REVISION                                                    1     12583940            4      1     32      0    0   RO
TC40.WORD_TEC_ENA                                                     1     12583944            4      1      4      0    0   RW
TC40.WORD_TEC_SETP                                                    4     12583948           16      1     16      0    0   RW
TC40.WORD_TEC_SETP_BUSY                                               1     12583964            4      1      1      0    0   RO
TC40.WORD_TEC_TEMP                                                    4     12583968           16      1     12      0    0   RO
TC40.WORD_TEC_ITEC                                                    4     12583984           16      1     12      0    0   RO
TC40.WORD_TEC_OVT_N                                                   1     12584000            4      1      4      0    0   RO
TC40.WORD_TEC_UDT_N                                                   1     12584004            4      1      4      0    0   RO
TC40.WORD_LM75A_TEMP                                                  1     12584008            4      1      9      0    0   RO
TC40.WORD_HYT221_HUMI                                                 1     12584012            4      1     14      0    0   RO
TC40.WORD_HYT221_TEMP                                                 1     12584016            4      1     14      0    0   RO
TC40.WORD_3V3_ENA                                                     1     12584020            4      1      1      0    0   RW
TC40.WORD_REF_ENA                                                     1     12584024            4      1      1      0    0   RW
TC40.WORD_5V_ENA                                                      1     12584028            4      1      1      0    0   RW
TC40.WORD_5V_PGOOD                                                    1     12584032            4      1      1      0    0   RO
TC40.WORD_3V3_PGOOD                                                   1     12584036            4      1      1      0    0   RO
TC40.WORD_EXT_GPIO_O                                                  1     12584040            4      1      3      0    0   RW
TC40.WORD_EXT_GPIO_I                                                  1     12584044            4      1      3      0    0   RO
TC40.WORD_EXT_GPIO_DIR                                                1     12584048            4      1      3      0    0   RW
TC40.WORD_CUR_MON_ENA                                                 1     12584052            4      1      1      0    0   RW
TC40.WORD_CUR_MON_OVLOAD_N                                            1     12584056            4      1      1      0    0   RO
TC40.WORD_TC4_RESET_N                                                 1     12584060            4      1      3      0    0   RW
TC40.WORD_TIMER                                                       1     12584064            4      1     32      0    0   RW
TMCB_DCM20.BOARD_TMCB2                                           524288     12582912      2097152      1     32      0    0   RW
TMCB20.WORD_FIRMWARE                                                  1     14680064            4      1     32      0    0   RO
TMCB20.WORD_REVISION                                                  1     14680068            4      1     32      0    0   RO
TMCB20.WORD_TIMESTAMP                                                 1     14680072            4      1     32      0    0   RO
TMCB20.WORD_STATUS                                                    1     14680076            4      1     32      0    0   RO
TMCB20.WORD_USER                                                      1     14680128            4      1     32      0    0   RW
TMCB20.WORD_LLL_STATUS                                                4     14680280           16      1     32      0    0   RO
TMCB20.WORD_LLL_II_ERR_CNT                                            2     14680296            8      1      8      0    0   RW
TMCB20.WORD_ETH_ERR_DV_SWAP                                           1     14680304            4      1      1      0    0   RW
TMCB20.WORD_DAC1_RESET                                                1     14680312            4      1      1      0    0   RW
TMCB20.WORD_DAC2_RESET                                                1     14680316            4      1      1      0    0   RW
TMCB20.WORD_DAC3_RESET                                                1     14680320            4      1      1      0    0   RW
TMCB20.AREA_TMCB2_APP                                            524288     12582912      2097152      1     32      0    0   RW
TMCB20.AREA_BOOT                                                  16384     14745600        65536      1     32      0    0   RW
APP0.LLRF_FD                                                      16384      8323072        65536      1     32      0    0   RW
FD0.WORD_FIRMWARE                                                     1      8323072            4      1     32      0    0   RO
FD0.WORD_REVISION                                                     1      8323084            4      1     32      0    0   RO
FD0.WORD_IQ_COS                                                      24      8325120           96      1     18     16    1   RW
FD0.WORD_IQ_SIN                                                      24      8327168           96      1     18     16    1   RW
FD0.WORD_IQ_SYNC_MODE                                                 1      8323200            4      1      1      0    1   RW
FD0.WORD_DEC_POINTS                                                   8      8323760           32      1     16     16    1   RW
FD0.WORD_DEC_PARAM_EN                                                 1      8323800            4      1      8     16    1   RW
FD0.WORD_DEC_MODE                                                     1      8323804            4      1      8     16    1   RW
FD0.WORD_IIR_COEF0                                                    5      8331264           20      1     25     16    1   RW
FD0.WORD_IIR_COEF1                                                    5      8331296           20      1     25     16    1   RW
FD0.WORD_IIR_COEF2                                                    5      8331328           20      1     25     16    1   RW
FD0.WORD_IIR_COEF3                                                    5      8331360           20      1     25     16    1   RW
FD0.WORD_IIR_COEF4                                                    5      8331392           20      1     25     16    1   RW
FD0.WORD_IIR_COEF5                                                    5      8331424           20      1     25     16    1   RW
FD0.WORD_IIR_COEF6                                                    5      8331456           20      1     25     16    1   RW
FD0.WORD_IIR_COEF7                                                    5      8331488           20      1     25     16    1   RW
FD0.WORD_IIR_COEF8                                                    5      8331520           20      1     25     16    1   RW
FD0.WORD_IIR_COEF9                                                    5      8331552           20      1     25     16    1   RW
FD0.WORD_IIR_COEF_VALID                                               1      8331584            4      1      1      0    0   RW
FD0.WORD_ROT_CH_ENA                                                   1      8323580            4      1      8      0    0   RW
FD0.WORD_VS_SHIFT                                                     1      8323584            4      1      3      0    0   RW
FD0.WORD_VS_CH_ENA                                                    1      8323588            4      1      8      0    0   RW
FD0.WORD_AMP_LIMIT                                                    8      8323596           32      1     18      0    1   RW
FD0.WORD_AMP_LIMIT_ACTIVE                                             1      8323592            4      1      8      0    0   RO
FD0.WORD_AMP_LIMIT_DISABLE                                            1      8323680            4      1      8      0    0   RW
FD0.WORD_AMP_LIMIT_PRE                                                8      8323640           32      1     18      0    1   RW
FD0.WORD_AMP_LIMIT_PRE_ACTIVE                                         1      8323636            4      1      8      0    0   RO
FD0.WORD_AMP_LIMIT_TRG                                                8      8323684           32      1     18      0    1   RW
FD0.WORD_AMP_LIMIT_TRG_ACTIVE                                         1      8323724            4      1      8      0    0   RO
FD0.WORD_AMP_LIMIT_TRG_DISABLE                                        1      8323728            4      1      8      0    0   RW
APP0.LLRF_CTRL                                                    16384      8257536        65536      1     32      0    0   RW
CTRL0.WORD_FIRMWARE                                                   1      8257536            4      1     32      0    0   RO
CTRL0.WORD_REVISION                                                   1      8257540            4      1     32      0    0   RO
CTRL0.WORD_CAPABILITIES                                               1      8257544            4      1     32      0    0   RO
CTRL0.WORD_PROPERTIES                                                 1      8257548            4      1     32      0    0   RO
CTRL0.WORD_STATUS                                                     1      8257552            4      1     32      0    0   RO
CTRL0.WORD_VS_ROT_RE                                                  1      8257556            4      1     18     16    1   RW
CTRL0.WORD_VS_ROT_IM                                                  1      8257560            4      1     18     16    1   RW
CTRL0.BIT_SP_CORR_ENA                                                 1      8257564            4      1      1      0    0   RW
CTRL0.BIT_ERR_CORR_ENA                                                1      8257568            4      1      1      0    0   RW
CTRL0.BIT_FB_ENA                                                      1      8257572            4      1      1      0    0   RW
CTRL0.BIT_FB_INT_ENA                                                  1      8257576            4      1      1      0    0   RW
CTRL0.BIT_FF_ENA                                                      1      8257580            4      1      1      0    0   RW
CTRL0.BIT_FF_CORR_ENA                                                 1      8257584            4      1      1      0    0   RW
CTRL0.WORD_MIMO_A11                                                   2      8257588            8      1     18     16    1   RW
CTRL0.WORD_MIMO_A12                                                   2      8257596            8      1     18     16    1   RW
CTRL0.WORD_MIMO_A21                                                   2      8257604            8      1     18     16    1   RW
CTRL0.WORD_MIMO_A22                                                   2      8257612            8      1     18     16    1   RW
CTRL0.WORD_MIMO_B11                                                   3      8257620           12      1     18     16    1   RW
CTRL0.WORD_MIMO_B12                                                   3      8257632           12      1     18     16    1   RW
CTRL0.WORD_MIMO_B21                                                   3      8257644           12      1     18     16    1   RW
CTRL0.WORD_MIMO_B22                                                   3      8257656           12      1     18     16    1   RW
CTRL0.WORD_MIMO_ENA                                                   1      8257668            4      1      1      0    0   RW
CTRL0.WORD_MIMO_COEF_VALID                                            1      8257672            4      1      1      0    0   RW
CTRL0.WORD_CNTRL_I_LIMIT                                              1      8257676            4      1     18      0    1   RW
CTRL0.WORD_CNTRL_Q_LIMIT                                              1      8257680            4      1     18      0    1   RW
CTRL0.WORD_SMITH_A11                                                  2      8257684            8      1     18     16    1   RW
CTRL0.WORD_SMITH_A12                                                  2      8257692            8      1     18     16    1   RW
CTRL0.WORD_SMITH_A21                                                  2      8257700            8      1     18     16    1   RW
CTRL0.WORD_SMITH_A22                                                  2      8257708            8      1     18     16    1   RW
CTRL0.WORD_SMITH_B11                                                  3      8257716           12      1     18     16    1   RW
CTRL0.WORD_SMITH_B12                                                  3      8257728           12      1     18     16    1   RW
CTRL0.WORD_SMITH_B21                                                  3      8257740           12      1     18     16    1   RW
CTRL0.WORD_SMITH_B22                                                  3      8257752           12      1     18     16    1   RW
CTRL0.WORD_SMITH_COEF_VALID                                           1      8257764            4      1      1      0    0   RW
CTRL0.WORD_SMITH_ENA                                                  1      8257768            4      1      1      0    0   RW
CTRL0.WORD_SMITH_DELAY                                                1      8257772            4      1     18      0    0   RW
APP0.LLRF_OUTPUT                                                  16384      8192000        65536      1     32      0    0   RW
OUTPUT0.WORD_FIRMWARE                                                 1      8192000            4      1     32      0    0   RO
OUTPUT0.WORD_REVISION                                                 1      8192004            4      1     32      0    0   RO
OUTPUT0.WORD_CAPABILITIES                                             1      8192008            4      1     32      0    0   RO
OUTPUT0.WORD_PROPERTIES                                               1      8192012            4      1     32      0    0   RO
OUTPUT0.WORD_STATUS                                                   1      8192016            4      1     32      0    0   RO
OUTPUT0.WORD_Q_SIGN                                                   1      8192020            4      1      1      0    0   RW
OUTPUT0.WORD_ROT_RE                                                   1      8192024            4      1     18     16    1   RW
OUTPUT0.WORD_ROT_IM                                                   1      8192028            4      1     18     16    1   RW
OUTPUT0.WORD_DAC_OFFSET                                               2      8192032            8      1     18      0    1   RW
OUTPUT0.WORD_AMP_LIMIT                                                1      8192044            4      1     18      0    0   RW
OUTPUT0.WORD_AMP_LIMIT_ENA                                            1      8192048            4      1      1      0    0   RW
OUTPUT0.WORD_GAIN_CORR                                                1      8192052            4      1     18      0    1   RW
APP0.LLRF_CTABLES                                                262144      1048576      1048576      1     32      0    0   RW
CTABLES0.WORD_FIRMWARE                                                1      1048576            4      1     32      0    0   RO
CTABLES0.WORD_REVISION                                                1      1048580            4      1     32      0    0   RO
CTABLES0.WORD_CAPABILITIES                                            1      1048584            4      1     32      0    0   RO
CTABLES0.BIT_CTL_TABLES_BUF                                           1      1048588            4      1     14      0    0   RW
CTABLES0.AREA_FF_I                                                16384      1114112        65536      1     18      0    1   RW
CTABLES0.AREA_FF_Q                                                16384      1179648        65536      1     18      0    1   RW
CTABLES0.AREA_FF_CORR_I                                           16384      1245184        65536      1     18      0    1   RW
CTABLES0.AREA_FF_CORR_Q                                           16384      1310720        65536      1     18      0    1   RW
CTABLES0.AREA_SP_I                                                16384      1376256        65536      1     18      0    1   RW
CTABLES0.AREA_SP_Q                                                16384      1441792        65536      1     18      0    1   RW
CTABLES0.AREA_SP_CORR_I                                           16384      1507328        65536      1     18      0    1   RW
CTABLES0.AREA_SP_CORR_Q                                           16384      1572864        65536      1     18      0    1   RW
CTABLES0.AREA_GP_I                                                16384      1638400        65536      1     18     10    1   RW
CTABLES0.AREA_GP_Q                                                16384      1703936        65536      1     18     10    1   RW
CTABLES0.AREA_GC_I                                                    1      1769472            4      1     18      0    1   RW
CTABLES0.AREA_GC_Q                                                    1      1835008            4      1     18      0    1   RW
CTABLES0.AREA_GI_I                                                    1      1900544            4      1     18      0    1   RW
CTABLES0.AREA_GI_Q                                                    1      1966080            4      1     18      0    1   RW
APP0.WORD_INTERLOCK_LATCHER_ENA                                       1         1228            4      1      1      0    0   RW
APP0.WORD_INTERLOCK_LATCHER_RESET                                     1         1232            4      1      1      0    0   RW
APP0.WORD_INTERLOCK_LATCHER_STATUS                                    1         1236            4      1      4      0    0   RO
APP0.WORD_LATCHED_LIMITERS                                            1         1240            4      1      8      0    0   RO
APP0.WORD_LLL_TX_HEADER                                               1         1244            4      1     16      0    0   RW
APP0.WORD_LLL_TX_CNT                                                  1         1252            4      1     16      0    0   RO
APP0.WORD_PIEZO_FOR_SEL                                               1         1256            4      1      3      0    0   RW
APP0.WORD_PIEZO_PRO_SEL                                               1         1260            4      1      3      0    0   RW
APP0.WORD_PIEZO_REF_SEL                                               1         1264            4      1      3      0    0   RW
APP0.ALG_PIEZOFB                                                  16384      8126464        65536      1     32      0    0   RW
PIEZOFB0.WORD_FIRMWARE_PIEZOFB                                        1      8126464            4      1     32      0    0   RO
PIEZOFB0.WORD_VERSION_PIEZOFB                                         1      8126468            4      1     32      0    0   RO
PIEZOFB0.WORD_TIMESTAMP_PIEZOFB                                       1      8126472            4      1     32      0    0   RO
PIEZOFB0.WORD_FB_ENA                                                  1      8126476            4      1      0      0    0   RW
PIEZOFB0.WORD_FB_GAIN                                                 1      8126480            0      1     25      0    1   RW
PIEZOFB0.WORD_FB_LIMIT                                                1      8126512            4      1     18      0    1   RW
PIEZOFB0.WORD_FB_IIR_A                                                3      8126516           12      1     32      0    1   RW
PIEZOFB0.WORD_FB_IIR_B                                                3      8126532           12      1     32      0    1   RW
PIEZOFB0.WORD_ANC_ENA                                                 1      8126552            4      1      0      0    0   RW
PIEZOFB0.WORD_ANC_LIMIT                                               1      8126556            4      1     25      0    0   RW
PIEZOFB0.AREA_ANC_MI                                                  1      8126592            0      1     25      0    1   RW
PIEZOFB0.AREA_ANC_PHA                                                 1      8126720            0      1     16      0    0   RW
PIEZOFB0.AREA_ANC_DELAY                                               1      8126848            0      1     16      0    0   RW
PIEZOFB0.WORD_SOURCE_SEL                                              1      8127072            4      1      2      0    0   RW
PIEZOFB0.WORD_FB_IGAIN                                                1      8127076            0      1     25      0    1   RW
PIEZOFB0.WORD_FB_SP                                                   1      8127112            0      1     18      0    1   RW
PIEZOFB0.WORD_DEC_COEFF                                               1      8127148            4      1     18      0    1   RW
PIEZOFB0.WORD_DEC_SHIFT                                               1      8127152            4      1      6      0    0   RW
PIEZOFB0.WORD_DEC_ENA                                                 1      8127160            4      1      1      0    0   RW
PIEZOFB0.WORD_TIMING_DIV                                              1      8127168            4      1     16      0    0   RW
PIEZOFB0.WORD_ANC_IIR_IN_ENA                                          1      8127172            4      1      1      0    0   RW
PIEZOFB0.WORD_ANC_IIR_IN_A                                            3      8127176           12      1     32      0    1   RW
PIEZOFB0.WORD_ANC_IIR_IN_B                                            3      8127192           12      1     32      0    1   RW
PIEZOFB0.WORD_ANC_IIR_OUT_ENA                                         1      8127208            4      1      1      0    0   RW
PIEZOFB0.WORD_ANC_IIR_OUT_A                                           3      8127224           12      1     32      0    1   RW
PIEZOFB0.WORD_ANC_IIR_OUT_B                                           3      8127240           12      1     32      0    1   RW
APP0.ALG_QLDET                                                    16384      7929856        65536      1     32      0    0   RW
QLDET0.WORD_FIRMWARE_QLDET                                            1      7929856            4      1     32      0    0   RO
QLDET0.WORD_VERSION_QLDET                                             1      7929860            4      1     32      0    0   RO
QLDET0.WORD_TIMESTAMP_QLDET                                           1      7929864            4      1     32      0    0   RO
QLDET0.WORD_QLDET_COEFF_REA                                           8      7929888           32      1     25      0    1   RW
QLDET0.WORD_QLDET_COEFF_IMA                                           8      7929920           32      1     25      0    1   RW
QLDET0.WORD_QLDET_COEFF_REB                                           8      7929952           32      1     25      0    1   RW
QLDET0.WORD_QLDET_COEFF_IMB                                           8      7929984           32      1     25      0    1   RW
QLDET0.WORD_QLDET_COEFF_IMP                                           8      7930016           32      1     25      0    1   RW
QLDET0.WORD_QLDET_COEFF_REP                                           8      7930048           32      1     25      0    1   RW
QLDET0.WORD_QLDET_COEFF                                               8      7930080           32      1     25      0    1   RW
QLDET0.WORD_QLDET_IIR_IN_A                                            8      7930112           32      1     25      0    1   RW
QLDET0.WORD_QLDET_IIR_IN_B                                            8      7930144           32      1     25      0    1   RW
QLDET0.WORD_QLDET_IIR_OUT_A                                           8      7930176           32      1     25      0    1   RW
QLDET0.WORD_QLDET_IIR_OUT_B                                           8      7930208           32      1     25      0    1   RW
QLDET0.WORD_QLDET_DT                                                  1      7930240            4      1     32      0    1   RW
QLDET0.WORD_QLDET_DBG_SEL                                             1      7930272            4      1      6      0    0   RW
QLDET0.AREA_QLDET_HBW_BASE                                         2048      7938048         8192      1     32      0    1   RW
QLDET0.AREA_QLDET_HBW_DELTA                                        2048      7946240         8192      1     32      0    1   RW
QLDET0.AREA_QLDET_DET_BASE                                         2048      7954432         8192      1     32      0    1   RW
QLDET0.AREA_QLDET_DET_DELTA                                        2048      7962624         8192      1     32      0    1   RW
APP0.AREA_PIEZO0                                                  16384      8060928        65536      1     18      0    0   RO
APP0.AREA_PIEZO1                                                  16384      7995392        65536      1     18      0    0   RO
APP0.AREA_MULTIPLEXED_SEQUENCE_DAQ0_BUF0                         131072            0       524288     13     32      0    0   RO
APP0.SEQUENCE_DAQ0_BUF0_0                                             1            0            2     13     16     -2    1   RO
APP0.SEQUENCE_DAQ0_BUF0_1                                             1            2            2     13     16     -2    1   RO
APP0.SEQUENCE_DAQ0_BUF0_2                                             1            4            2     13     16     -2    1   RO
APP0.SEQUENCE_DAQ0_BUF0_3                                             1            6            2     13     16     -2    1   RO
APP0.SEQUENCE_DAQ0_BUF0_4                                             1            8            2     13     16     -2    1   RO
APP0.SEQUENCE_DAQ0_BUF0_5                                             1           10            2     13     16     -2    1   RO
APP0.SEQUENCE_DAQ0_BUF0_6                                             1           12            2     13     16     -2    1   RO
APP0.SEQUENCE_DAQ0_BUF0_7                                             1           14            2     13     16     -2    1   RO
APP0.SEQUENCE_DAQ0_BUF0_8                                             1           16            2     13     16     -2    1   RO
APP0.SEQUENCE_DAQ0_BUF0_9                                             1           18            2     13     16     -2    1   RO
APP0.SEQUENCE_DAQ0_BUF0_10                                            1           20            2     13     16      8    1   RO
APP0.SEQUENCE_DAQ0_BUF0_11                                            1           22            2     13     16      8    1   RO
APP0.SEQUENCE_DAQ0_BUF0_12                                            1           24            2     13     16     -2    1   RO
APP0.SEQUENCE_DAQ0_BUF0_13                                            1           26            2     13     16     -2    1   RO
APP0.SEQUENCE_DAQ0_BUF0_14                                            1           28            2     13     16     -2    1   RO
APP0.SEQUENCE_DAQ0_BUF0_15                                            1           30            2     13     16     -2    1   RO
APP0.AREA_MULTIPLEXED_SEQUENCE_DAQ0_BUF1                         131072      4194304       524288     13     32      0    0   RO
APP0.SEQUENCE_DAQ0_BUF1_0                                             1      4194304            2     13     16     -2    1   RO
APP0.SEQUENCE_DAQ0_BUF1_1                                             1      4194306            2     13     16     -2    1   RO
APP0.SEQUENCE_DAQ0_BUF1_2                                             1      4194308            2     13     16     -2    1   RO
APP0.SEQUENCE_DAQ0_BUF1_3                                             1      4194310            2     13     16     -2    1   RO
APP0.SEQUENCE_DAQ0_BUF1_4                                             1      4194312            2     13     16     -2    1   RO
APP0.SEQUENCE_DAQ0_BUF1_5                                             1      4194314            2     13     16     -2    1   RO
APP0.SEQUENCE_DAQ0_BUF1_6                                             1      4194316            2     13     16     -2    1   RO
APP0.SEQUENCE_DAQ0_BUF1_7                                             1      4194318            2     13     16     -2    1   RO
APP0.SEQUENCE_DAQ0_BUF1_8                                             1      4194320            2     13     16     -2    1   RO
APP0.SEQUENCE_DAQ0_BUF1_9                                             1      4194322            2     13     16     -2    1   RO
APP0.SEQUENCE_DAQ0_BUF1_10                                            1      4194324            2     13     16      8    1   RO
APP0.SEQUENCE_DAQ0_BUF1_11                                            1      4194326            2     13     16      8    1   RO
APP0.SEQUENCE_DAQ0_BUF1_12                                            1      4194328            2     13     16     -2    1   RO
APP0.SEQUENCE_DAQ0_BUF1_13                                            1      4194330            2     13     16     -2    1   RO
APP0.SEQUENCE_DAQ0_BUF1_14                                            1      4194332            2     13     16     -2    1   RO
APP0.SEQUENCE_DAQ0_BUF1_15                                            1      4194334            2     13     16     -2    1   RO
APP0.AREA_MULTIPLEXED_SEQUENCE_DAQ1_BUF0                         131072     16777216       524288     13     32      0    0   RO
APP0.SEQUENCE_DAQ1_BUF0_0                                             1     16777216            2     13     16     -2    1   RO
APP0.SEQUENCE_DAQ1_BUF0_1                                             1     16777218            2     13     16     -2    1   RO
APP0.SEQUENCE_DAQ1_BUF0_2                                             1     16777220            2     13     16     -2    1   RO
APP0.SEQUENCE_DAQ1_BUF0_3                                             1     16777222            2     13     16     -2    1   RO
APP0.SEQUENCE_DAQ1_BUF0_4                                             1     16777224            2     13     16     -2    1   RO
APP0.SEQUENCE_DAQ1_BUF0_5                                             1     16777226            2     13     16     -2    1   RO
APP0.SEQUENCE_DAQ1_BUF0_6                                             1     16777228            2     13     16     -2    1   RO
APP0.SEQUENCE_DAQ1_BUF0_7                                             1     16777230            2     13     16     -2    1   RO
APP0.SEQUENCE_DAQ1_BUF0_8                                             1     16777232            2     13     16     -2    1   RO
APP0.SEQUENCE_DAQ1_BUF0_9                                             1     16777234            2     13     16     -2    1   RO
APP0.SEQUENCE_DAQ1_BUF0_10                                            1     16777236            2     13     16     -2    1   RO
APP0.SEQUENCE_DAQ1_BUF0_11                                            1     16777238            2     13     16     -2    1   RO
APP0.SEQUENCE_DAQ1_BUF0_12                                            1     16777240            2     13     16     -2    1   RO
APP0.SEQUENCE_DAQ1_BUF0_13                                            1     16777242            2     13     16     -2    1   RO
APP0.SEQUENCE_DAQ1_BUF0_14                                            1     16777244            2     13     16     -2    1   RO
APP0.SEQUENCE_DAQ1_BUF0_15                                            1     16777246            2     13     16     -2    1   RO
APP0.AREA_MULTIPLEXED_SEQUENCE_DAQ1_BUF1                         131072     20971520       524288     13     32      0    0   RO
APP0.SEQUENCE_DAQ1_BUF1_0                                             1     20971520            2     13     16     -2    1   RO
APP0.SEQUENCE_DAQ1_BUF1_1                                             1     20971522            2     13     16     -2    1   RO
APP0.SEQUENCE_DAQ1_BUF1_2                                             1     20971524            2     13     16     -2    1   RO
APP0.SEQUENCE_DAQ1_BUF1_3                                             1     20971526            2     13     16     -2    1   RO
APP0.SEQUENCE_DAQ1_BUF1_4                                             1     20971528            2     13     16     -2    1   RO
APP0.SEQUENCE_DAQ1_BUF1_5                                             1     20971530            2     13     16     -2    1   RO
APP0.SEQUENCE_DAQ1_BUF1_6                                             1     20971532            2     13     16     -2    1   RO
APP0.SEQUENCE_DAQ1_BUF1_7                                             1     20971534            2     13     16     -2    1   RO
APP0.SEQUENCE_DAQ1_BUF1_8                                             1     20971536            2     13     16     -2    1   RO
APP0.SEQUENCE_DAQ1_BUF1_9                                             1     20971538            2     13     16     -2    1   RO
APP0.SEQUENCE_DAQ1_BUF1_10                                            1     20971540            2     13     16     -2    1   RO
APP0.SEQUENCE_DAQ1_BUF1_11                                            1     20971542            2     13     16     -2    1   RO
APP0.SEQUENCE_DAQ1_BUF1_12                                            1     20971544            2     13     16     -2    1   RO
APP0.SEQUENCE_DAQ1_BUF1_13                                            1     20971546            2     13     16     -2    1   RO
APP0.SEQUENCE_DAQ1_BUF1_14                                            1     20971548            2     13     16     -2    1   RO
APP0.SEQUENCE_DAQ1_BUF1_15                                            1     20971550            2     13     16     -2    1   RO
APP0.AREA_MULTIPLEXED_SEQUENCE_DAQ1_BUF0_RAW                     131072     16777216       524288     13     32      0    0   RO
APP0.SEQUENCE_DAQ1_BUF0_RAW_0                                         1     16777216            2     13     16      0    1   RO
APP0.SEQUENCE_DAQ1_BUF0_RAW_1                                         1     16777218            2     13     16      0    1   RO
APP0.SEQUENCE_DAQ1_BUF0_RAW_2                                         1     16777220            2     13     16      0    1   RO
APP0.SEQUENCE_DAQ1_BUF0_RAW_3                                         1     16777222            2     13     16      0    1   RO
APP0.SEQUENCE_DAQ1_BUF0_RAW_4                                         1     16777224            2     13     16      0    1   RO
APP0.SEQUENCE_DAQ1_BUF0_RAW_5                                         1     16777226            2     13     16      0    1   RO
APP0.SEQUENCE_DAQ1_BUF0_RAW_6                                         1     16777228            2     13     16      0    1   RO
APP0.SEQUENCE_DAQ1_BUF0_RAW_7                                         1     16777230            2     13     16      0    1   RO
APP0.SEQUENCE_DAQ1_BUF0_RAW_8                                         1     16777232            2     13     16      0    1   RO
APP0.SEQUENCE_DAQ1_BUF0_RAW_9                                         1     16777234            2     13     16      0    1   RO
APP0.SEQUENCE_DAQ1_BUF0_RAW_10                                        1     16777236            2     13     16      0    1   RO
APP0.SEQUENCE_DAQ1_BUF0_RAW_11                                        1     16777238            2     13     16      0    1   RO
APP0.SEQUENCE_DAQ1_BUF0_RAW_12                                        1     16777240            2     13     16      0    1   RO
APP0.SEQUENCE_DAQ1_BUF0_RAW_13                                        1     16777242            2     13     16      0    1   RO
APP0.SEQUENCE_DAQ1_BUF0_RAW_14                                        1     16777244            2     13     16      0    1   RO
APP0.SEQUENCE_DAQ1_BUF0_RAW_15                                        1     16777246            2     13     16      0    1   RO
APP0.AREA_MULTIPLEXED_SEQUENCE_DAQ1_BUF1_RAW                     131072     20971520       524288     13     32      0    0   RO
APP0.SEQUENCE_DAQ1_BUF1_RAW_0                                         1     20971520            2     13     16      0    1   RO
APP0.SEQUENCE_DAQ1_BUF1_RAW_1                                         1     20971522            2     13     16      0    1   RO
APP0.SEQUENCE_DAQ1_BUF1_RAW_2                                         1     20971524            2     13     16      0    1   RO
APP0.SEQUENCE_DAQ1_BUF1_RAW_3                                         1     20971526            2     13     16      0    1   RO
APP0.SEQUENCE_DAQ1_BUF1_RAW_4                                         1     20971528            2     13     16      0    1   RO
APP0.SEQUENCE_DAQ1_BUF1_RAW_5                                         1     20971530            2     13     16      0    1   RO
APP0.SEQUENCE_DAQ1_BUF1_RAW_6                                         1     20971532            2     13     16      0    1   RO
APP0.SEQUENCE_DAQ1_BUF1_RAW_7                                         1     20971534            2     13     16      0    1   RO
APP0.SEQUENCE_DAQ1_BUF1_RAW_8                                         1     20971536            2     13     16      0    1   RO
APP0.SEQUENCE_DAQ1_BUF1_RAW_9                                         1     20971538            2     13     16      0    1   RO
APP0.SEQUENCE_DAQ1_BUF1_RAW_10                                        1     20971540            2     13     16      0    1   RO
APP0.SEQUENCE_DAQ1_BUF1_RAW_11                                        1     20971542            2     13     16      0    1   RO
APP0.SEQUENCE_DAQ1_BUF1_RAW_12                                        1     20971544            2     13     16      0    1   RO
APP0.SEQUENCE_DAQ1_BUF1_RAW_13                                        1     20971546            2     13     16      0    1   RO
APP0.SEQUENCE_DAQ1_BUF1_RAW_14                                        1     20971548            2     13     16      0    1   RO
APP0.SEQUENCE_DAQ1_BUF1_RAW_15                                        1     20971550            2     13     16      0    1   RO
APP0.AREA_MULTIPLEXED_SEQUENCE_DAQ2_BUF0                         131072      8388608       524288     13     32      0    0   RO
APP0.SEQUENCE_DAQ2_BUF0_0                                             1      8388608            2     13     16      0    1   RO
APP0.SEQUENCE_DAQ2_BUF0_1                                             1      8388610            2     13     16      0    1   RO
APP0.SEQUENCE_DAQ2_BUF0_2                                             1      8388612            2     13     16      0    1   RO
APP0.SEQUENCE_DAQ2_BUF0_3                                             1      8388614            2     13     16      0    1   RO
APP0.SEQUENCE_DAQ2_BUF0_4                                             1      8388616            2     13     16      0    1   RO
APP0.SEQUENCE_DAQ2_BUF0_5                                             1      8388618            2     13     16      0    1   RO
APP0.SEQUENCE_DAQ2_BUF0_6                                             1      8388620            2     13     16      0    1   RO
APP0.SEQUENCE_DAQ2_BUF0_7                                             1      8388622            2     13     16      0    1   RO
APP0.SEQUENCE_DAQ2_BUF0_8                                             1      8388624            2     13     16      0    1   RO
APP0.SEQUENCE_DAQ2_BUF0_9                                             1      8388626            2     13     16      0    1   RO
APP0.SEQUENCE_DAQ2_BUF0_10                                            1      8388628            2     13     16      0    1   RO
APP0.SEQUENCE_DAQ2_BUF0_11                                            1      8388630            2     13     16      0    1   RO
APP0.SEQUENCE_DAQ2_BUF0_12                                            1      8388632            2     13     16      0    1   RO
APP0.SEQUENCE_DAQ2_BUF0_13                                            1      8388634            2     13     16      0    1   RO
APP0.SEQUENCE_DAQ2_BUF0_14                                            1      8388636            2     13     16      0    1   RO
APP0.SEQUENCE_DAQ2_BUF0_15                                            1      8388638            2     13     16      0    1   RO
APP0.AREA_MULTIPLEXED_SEQUENCE_DAQ2_BUF1                         131072     12582912       524288     13     32      0    0   RO
APP0.SEQUENCE_DAQ2_BUF1_0                                             1     12582912            2     13     16      0    1   RO
APP0.SEQUENCE_DAQ2_BUF1_1                                             1     12582914            2     13     16      0    1   RO
APP0.SEQUENCE_DAQ2_BUF1_2                                             1     12582916            2     13     16      0    1   RO
APP0.SEQUENCE_DAQ2_BUF1_3                                             1     12582918            2     13     16      0    1   RO
APP0.SEQUENCE_DAQ2_BUF1_4                                             1     12582920            2     13     16      0    1   RO
APP0.SEQUENCE_DAQ2_BUF1_5                                             1     12582922            2     13     16      0    1   RO
APP0.SEQUENCE_DAQ2_BUF1_6                                             1     12582924            2     13     16      0    1   RO
APP0.SEQUENCE_DAQ2_BUF1_7                                             1     12582926            2     13     16      0    1   RO
APP0.SEQUENCE_DAQ2_BUF1_8                                             1     12582928            2     13     16      0    1   RO
APP0.SEQUENCE_DAQ2_BUF1_9                                             1     12582930            2     13     16      0    1   RO
APP0.SEQUENCE_DAQ2_BUF1_10                                            1     12582932            2     13     16      0    1   RO
APP0.SEQUENCE_DAQ2_BUF1_11                                            1     12582934            2     13     16      0    1   RO
APP0.SEQUENCE_DAQ2_BUF1_12                                            1     12582936            2     13     16      0    1   RO
APP0.SEQUENCE_DAQ2_BUF1_13                                            1     12582938            2     13     16      0    1   RO
APP0.SEQUENCE_DAQ2_BUF1_14                                            1     12582940            2     13     16      0    1   RO
APP0.SEQUENCE_DAQ2_BUF1_15                                            1     12582942            2     13     16      0    1   RO
BOARD0.WORD_FIRMWARE                                                  1            0            4      0     32      0    0   RO
BOARD0.WORD_REVISION                                                  1            4            4      0     32      0    0   RO
BOARD0.WORD_TIMESTAMP                                                 1            8            4      0     32      0    0   RO
BOARD0.WORD_CLK_FREQ                                                  7           32           28      0     32      0    0   RW
BOARD0.WORD_TRG_CNT                                                   8           64           32      0     32      0    0   RW
BOARD0.WORD_LLL_STATUS                                                6          192           24      0     32      0    0   RW
BOARD0.WORD_LLL_LOOPBACK                                              6          224           24      0      3      0    0   RW
BOARD0.WORD_CLK_MUX                                                   6          128           24      0      2      0    0   RW
BOARD0.WORD_CLK_RST                                                   1          152            4      0      1      0    0   RW
BOARD0.WORD_CLK_SEL                                                   1          156            4      0      2      0    0   RW
BOARD0.WORD_CLK_ERR                                                   1          168            4      0      1      0    0   RO
BOARD0.WORD_SPI_DIV_SEL                                               1          176            4      0      2      0    0   RW
BOARD0.WORD_SPI_DIV_BUSY                                              1          180            4      0      1      0    0   RO
BOARD0.AREA_SPI_DIV                                                 128         4096          512      0      8      0    0   RW
BOARD0.AREA_PLL                                                     512        16384         2048      0      8      0    0   RW
BOARD0.AREA_PLL_CONF                                                512        12288         2048      0     24      0    0   RW
BOARD0.WORD_PLL_CONF_STR                                              1          272            4      0      2      0    0   RW
BOARD0.WORD_PLL_CONF_RST                                              1          276            4      0      1      0    0   RW
BOARD0.WORD_ADC_ENA                                                   1          256            4      0      1      0    0   RW
BOARD0.WORD_ADC_OV                                                    1          260            4      0     10      0    0   RO
BOARD0.WORD_SPI_ADC_SEL                                               1          288            4      0      3      0    0   RW
BOARD0.WORD_SPI_ADC_BUSY                                              1          292            4      0      1      0    0   RO
BOARD0.AREA_SPI_ADC                                                 256         8192         1024      0      8      0    0   RW
BOARD0.WORD_ADC_FIFO_RESET                                            1          264            4      0     10      0    0   RW
BOARD0.WORD_ADC_FIFO_DELAY                                           10          320           40      0      8      0    0   RW
BOARD0.WORD_BOOT_STATUS                                               1          384            4      0      1      0    0   RW
BOARD0.AREA_BOOT                                                  16384        65536        65536      0     32      0    0   RW
BOARD0.WORD_IDELAY_SEL                                                1          464            4      0      8      0    0   RW
BOARD0.WORD_IDELAY_INC                                                1          468            4      0      1      0    0   RW
BOARD0.WORD_RESET_N                                                   1          512            4      0      1      0    0   RW
BOARD0.WORD_DAQ_RESET                                                 1          508            4      0      1      0    0   RW
BOARD0.WORD_DAQ_STATUS                                                3          784           12      0      8      0    0   RO
BOARD0.WORD_DAQ_BW_EST                                                2          796            8      0     32      0    0   RO
BOARD0.WORD_USER                                                      1          516            4      0     32      0    0   RW
BOARD0.WORD_DAC_ENA                                                   1          520            4      0      1      0    0   RW
BOARD0.WORD_CLK_PHASE_INCDEC                                          1          536            4      0      1      0    0   RW
BOARD0.WORD_DAC_IDELAY_SEL                                            1          540            4      0      1      0    0   RW
BOARD0.WORD_DAC_IDELAY_INC                                            1          544            4      0      1      0    0   RW
BOARD0.WORD_DAC_IDELAY_CNT                                            1          548            4      0      5      0    0   RO
BOARD0.WORD_ADC_IDELAY_CNT                                            5          592           20      0      5      0    0   RO
BOARD0.WORD_ADC_REVERT_CLK                                            1          656            4      0      5      0    0   RW
BOARD0.WORD_HARLINK_IN                                                1          660            4      0      4      0    0   RO
BOARD0.WORD_HARLINK_OUT                                               1          664            4      0      4      0    0   RW
BOARD0.AREA_DMA                                                67108864            0    268435456     13     32      0    0   RO
